[INFO] Scanning for projects...
[INFO] 
[INFO] ------------------------< com.demo:resortsLite >------------------------
[INFO] Building ResortsLite 1.0.0
[INFO] --------------------------------[ jar ]---------------------------------
[INFO] 
[INFO] --- maven-clean-plugin:3.3.2:clean (default-clean) @ resortsLite ---
[INFO] Deleting /modernize-data/studio-data/TNT1001/APP735641/transformed-code/8/studio-workspace/commonservices/target
[INFO] 
[INFO] --- jacoco-maven-plugin:0.8.11:prepare-agent (default) @ resortsLite ---
[INFO] argLine set to -javaagent:/app/.m2/repository/org/jacoco/org.jacoco.agent/0.8.11/org.jacoco.agent-0.8.11-runtime.jar=destfile=/modernize-data/studio-data/TNT1001/APP735641/transformed-code/8/studio-workspace/commonservices/target/jacoco.exec
[INFO] 
[INFO] --- maven-resources-plugin:3.3.1:resources (default-resources) @ resortsLite ---
[INFO] Copying 2 resources from src/main/resources to target/classes
[INFO] Copying 1 resource from src/main/resources to target/classes
[INFO] 
[INFO] --- maven-compiler-plugin:3.11.0:compile (default-compile) @ resortsLite ---
[INFO] Changes detected - recompiling the module! :source
[INFO] Compiling 8 source files with javac [debug release 17] to target/classes
[INFO] 
[INFO] --- maven-resources-plugin:3.3.1:testResources (default-testResources) @ resortsLite ---
[INFO] skip non existing resourceDirectory /modernize-data/studio-data/TNT1001/APP735641/transformed-code/8/studio-workspace/commonservices/src/test/resources
[INFO] 
[INFO] --- maven-compiler-plugin:3.11.0:testCompile (default-testCompile) @ resortsLite ---
[INFO] Changes detected - recompiling the module! :dependency
[INFO] Compiling 6 source files with javac [debug release 17] to target/test-classes
[INFO] 
[INFO] --- maven-surefire-plugin:3.0.0:test (default-test) @ resortsLite ---
[INFO] Using auto detected provider org.apache.maven.surefire.junitplatform.JUnitPlatformProvider
[INFO] 
[INFO] -------------------------------------------------------
[INFO]  T E S T S
[INFO] -------------------------------------------------------
[INFO] Running com.demo.resortslite.entity.BookingTest
16:58:59.088 [main] INFO org.hibernate.validator.internal.util.Version -- HV000001: Hibernate Validator 8.0.1.Final
[INFO] Tests run: 30, Failures: 0, Errors: 0, Skipped: 0, Time elapsed: 0.649 s - in com.demo.resortslite.entity.BookingTest
[INFO] Running com.demo.resortslite.ResortsLiteApplicationTest
[INFO] Tests run: 17, Failures: 0, Errors: 0, Skipped: 0, Time elapsed: 0.018 s - in com.demo.resortslite.ResortsLiteApplicationTest
[INFO] Running com.demo.resortslite.repository.BookingRepositoryTest
[INFO] Tests run: 30, Failures: 0, Errors: 0, Skipped: 0, Time elapsed: 0.034 s - in com.demo.resortslite.repository.BookingRepositoryTest
[INFO] Running com.demo.resortslite.ReportServiceTest
[INFO] Tests run: 27, Failures: 0, Errors: 0, Skipped: 0, Time elapsed: 0.089 s - in com.demo.resortslite.ReportServiceTest
[INFO] Running com.demo.resortslite.BookingControllerTest
OpenJDK 64-Bit Server VM warning: Sharing is only supported for boot loader classes because bootstrap classpath has been appended
[INFO] Tests run: 18, Failures: 0, Errors: 0, Skipped: 0, Time elapsed: 1.151 s - in com.demo.resortslite.BookingControllerTest
[INFO] Running com.demo.resortslite.BookingServiceTest
[INFO] Tests run: 30, Failures: 0, Errors: 0, Skipped: 0, Time elapsed: 0.282 s - in com.demo.resortslite.BookingServiceTest
[INFO] 
[INFO] Results:
[INFO] 
[INFO] Tests run: 152, Failures: 0, Errors: 0, Skipped: 0
[INFO] 
[INFO] 
[INFO] --- jacoco-maven-plugin:0.8.11:report (report) @ resortsLite ---
[INFO] Loading execution data file /modernize-data/studio-data/TNT1001/APP735641/transformed-code/8/studio-workspace/commonservices/target/jacoco.exec
[INFO] Analyzed bundle 'ResortsLite' with 8 classes
[INFO] 
[INFO] --- jacoco-maven-plugin:0.8.11:report (default-cli) @ resortsLite ---
[INFO] Loading execution data file /modernize-data/studio-data/TNT1001/APP735641/transformed-code/8/studio-workspace/commonservices/target/jacoco.exec
[INFO] Analyzed bundle 'ResortsLite' with 8 classes
[INFO] ------------------------------------------------------------------------
[INFO] BUILD SUCCESS
[INFO] ------------------------------------------------------------------------
[INFO] Total time:  5.402 s
[INFO] Finished at: 2026-06-12T16:59:01Z
[INFO] ------------------------------------------------------------------------
